// Jest Snapshot v1, https://goo.gl/fbAQLP

exports[`QueryTypes block query types 1`] = `
Object {
  "address": Object {
    "displayName": "Address",
    "key": "address",
  },
  "coinbase": Object {
    "displayName": "Coinbase",
    "key": "coinbase",
  },
  "default": Object {
    "displayName": "Query Type",
    "key": "default",
  },
  "diff": Object {
    "displayName": "Difficulty",
    "key": "diff",
  },
  "gaslim": Object {
    "displayName": "Gas Limit",
    "key": "gaslim",
  },
  "gasused": Object {
    "displayName": "Gas Used",
    "key": "gasused",
  },
  "hash": Object {
    "displayName": "Hash",
    "key": "hash",
  },
  "id": Object {
    "displayName": "Block Id",
    "key": "id",
  },
  "last": Object {
    "displayName": "Last",
    "key": "last",
  },
  "maxdiff": Object {
    "displayName": "Max Difficulty",
    "key": "maxdiff",
  },
  "maxgaslim": Object {
    "displayName": "Max Gas Limit",
    "key": "maxgaslim",
  },
  "maxgasused": Object {
    "displayName": "Max Gas Used",
    "key": "maxgasused",
  },
  "maxnumber": Object {
    "displayName": "Max Block Number",
    "key": "maxnumber",
  },
  "mindiff": Object {
    "displayName": "Min Difficulty",
    "key": "mindiff",
  },
  "mingaslim": Object {
    "displayName": "Min Gas Limit",
    "key": "mingaslim",
  },
  "mingasused": Object {
    "displayName": "Min Gas Used",
    "key": "mingasused",
  },
  "minnumber": Object {
    "displayName": "Min Block Number",
    "key": "minnumber",
  },
  "number": Object {
    "displayName": "Block Number",
    "key": "number",
  },
  "txaddress": Object {
    "displayName": "Contained Transaction Address",
    "key": "txaddress",
  },
}
`;

exports[`QueryTypes resource types 1`] = `
Object {
  "block": "/block",
  "transaction": "/transaction",
}
`;

exports[`QueryTypes transaction query types 1`] = `
Object {
  "blocknumber": Object {
    "displayName": "Block Number",
    "key": "blocknumber",
  },
  "chainid": Object {
    "displayName": "Chain Id",
    "key": "chainid",
  },
  "default": Object {
    "displayName": "Query Type",
    "key": "default",
  },
  "from": Object {
    "displayName": "From",
    "key": "from",
  },
  "gaslimit": Object {
    "displayName": "Gas Limit",
    "key": "gaslimit",
  },
  "hash": Object {
    "displayName": "Hash",
    "key": "hash",
  },
  "last": Object {
    "displayName": "Last",
    "key": "last",
  },
  "maxgasprice": Object {
    "displayName": "Max Gas Price",
    "key": "maxgasprice",
  },
  "maxvalue": Object {
    "displayName": "Max Value",
    "key": "maxvalue",
  },
  "mingasprice": Object {
    "displayName": "Min Gas Price",
    "key": "mingasprice",
  },
  "minvalue": Object {
    "displayName": "Min Value",
    "key": "minvalue",
  },
  "to": Object {
    "displayName": "To",
    "key": "to",
  },
  "value": Object {
    "displayName": "Value",
    "key": "value",
  },
}
`;
