// Jest Snapshot v1, https://goo.gl/fbAQLP

exports[`CodeEditor: index mapStateToProps with default values 1`] = `
Object {
  "codeEditorData": Object {
    "codeCompileSuccess": false,
    "contractName": "Cloner",
    "createDisabled": true,
    "currentTabSelected": 0,
    "enableCreateAction": false,
    "error": "src:6:77: Error: Expected token Semicolon got 'RBrace'
{ Sheep sheep = new Sheep(name, sheepDNA); clones.push(sheep); return sheep }
                                                                            ^
",
    "fileName": "SampleStorage",
    "isRemoveTab": false,
    "lastTabSelected": 0,
    "localCompileException": "",
    "response": "src:6:77: Error: Expected token Semicolon got 'RBrace'↵{ Sheep sheep = new Sheep(name, sheepDNA); clones.push(sheep); return sheep }↵                                                                            ^↵",
    "serverText": "HelloFri Nov 17 2017 15:51:33 GMT+0530 (IST)",
    "sourceCode": "contract Cloner {↵Sheep[] public clones;↵string public sheepDNA = \\"ccc\\";↵↵function cloneSheep(string name) returns (address)↵{ Sheep sheep = new Sheep(name, sheepDNA); clones.push(sheep); return sheep }↵↵}↵↵contract Sheep {↵string public name;↵string public dna;↵↵function Sheep(string _name, string _dna)↵{ name = _name; dna = _dna; }↵↵function geneticallyModify(string _dna)↵{ dna = _dna; }↵↵}",
    "tab": Array [
      Object {
        "text": "contract Cloner {↵Sheep[] public clones;↵string public sheepDNA = \\"ccc\\";↵↵function cloneSheep(string name) returns (address)↵{ Sheep sheep = new Sheep(name, sheepDNA); clones.push(sheep); return sheep }↵↵}↵↵contract Sheep {↵string public name;↵string public dna;↵↵function Sheep(string _name, string _dna)↵{ name = _name; dna = _dna; }↵↵function geneticallyModify(string _dna)↵{ dna = _dna; }↵↵}",
        "title": "abc.sol",
      },
      Object {
        "text": "contract Cloner {↵Sheep[] public clones;↵string public sheepDNA = \\"ccc\\";↵↵function cloneSheep(string name) returns (address)↵{ Sheep sheep = new Sheep(name, sheepDNA); clones.push(sheep); return sheep }↵↵}↵↵contract Sheep {↵string public name;↵string public dna;↵↵function Sheep(string _name, string _dna)↵{ name = _name; dna = _dna; }↵↵function geneticallyModify(string _dna)↵{ dna = _dna; }↵↵}",
        "title": "xyz.sol",
      },
    ],
    "timer": 87,
  },
  "selectedTabContent": Object {
    "text": "contract Cloner {↵Sheep[] public clones;↵string public sheepDNA = \\"ccc\\";↵↵function cloneSheep(string name) returns (address)↵{ Sheep sheep = new Sheep(name, sheepDNA); clones.push(sheep); return sheep }↵↵}↵↵contract Sheep {↵string public name;↵string public dna;↵↵function Sheep(string _name, string _dna)↵{ name = _name; dna = _dna; }↵↵function geneticallyModify(string _dna)↵{ dna = _dna; }↵↵}",
    "title": "abc.sol",
  },
}
`;

exports[`CodeEditor: index render codeEditor with default values 1`] = `
ShallowWrapper {
  "length": 1,
  Symbol(enzyme.__root__): [Circular],
  Symbol(enzyme.__unrendered__): <CodeEditor
    codeEditorData={
      Object {
        "codeCompileSuccess": false,
        "contractName": "Cloner",
        "createDisabled": true,
        "currentTabSelected": 0,
        "enableCreateAction": false,
        "error": "src:6:77: Error: Expected token Semicolon got 'RBrace'
{ Sheep sheep = new Sheep(name, sheepDNA); clones.push(sheep); return sheep }
                                                                            ^
",
        "fileName": "SampleStorage",
        "isRemoveTab": false,
        "lastTabSelected": 0,
        "localCompileException": "",
        "response": "src:6:77: Error: Expected token Semicolon got 'RBrace'↵{ Sheep sheep = new Sheep(name, sheepDNA); clones.push(sheep); return sheep }↵                                                                            ^↵",
        "serverText": "HelloFri Nov 17 2017 15:51:33 GMT+0530 (IST)",
        "sourceCode": "contract Cloner {↵Sheep[] public clones;↵string public sheepDNA = \\"ccc\\";↵↵function cloneSheep(string name) returns (address)↵{ Sheep sheep = new Sheep(name, sheepDNA); clones.push(sheep); return sheep }↵↵}↵↵contract Sheep {↵string public name;↵string public dna;↵↵function Sheep(string _name, string _dna)↵{ name = _name; dna = _dna; }↵↵function geneticallyModify(string _dna)↵{ dna = _dna; }↵↵}",
        "tab": Array [
          Object {
            "text": "contract Cloner {↵Sheep[] public clones;↵string public sheepDNA = \\"ccc\\";↵↵function cloneSheep(string name) returns (address)↵{ Sheep sheep = new Sheep(name, sheepDNA); clones.push(sheep); return sheep }↵↵}↵↵contract Sheep {↵string public name;↵string public dna;↵↵function Sheep(string _name, string _dna)↵{ name = _name; dna = _dna; }↵↵function geneticallyModify(string _dna)↵{ dna = _dna; }↵↵}",
            "title": "abc.sol",
          },
          Object {
            "text": "contract Cloner {↵Sheep[] public clones;↵string public sheepDNA = \\"ccc\\";↵↵function cloneSheep(string name) returns (address)↵{ Sheep sheep = new Sheep(name, sheepDNA); clones.push(sheep); return sheep }↵↵}↵↵contract Sheep {↵string public name;↵string public dna;↵↵function Sheep(string _name, string _dna)↵{ name = _name; dna = _dna; }↵↵function geneticallyModify(string _dna)↵{ dna = _dna; }↵↵}",
            "title": "xyz.sol",
          },
        ],
        "timer": 87,
      }
    }
    selectedTabContent={
      Object {
        "text": "contract Cloner {↵Sheep[] public clones;↵string public sheepDNA = \\"ccc\\";↵↵function cloneSheep(string name) returns (address)↵{ Sheep sheep = new Sheep(name, sheepDNA); clones.push(sheep); return sheep }↵↵}↵↵contract Sheep {↵string public name;↵string public dna;↵↵function Sheep(string _name, string _dna)↵{ name = _name; dna = _dna; }↵↵function geneticallyModify(string _dna)↵{ dna = _dna; }↵↵}",
        "title": "abc.sol",
      }
    }
  />,
  Symbol(enzyme.__renderer__): Object {
    "batchedUpdates": [Function],
    "getNode": [Function],
    "render": [Function],
    "simulateEvent": [Function],
    "unmount": [Function],
  },
  Symbol(enzyme.__node__): Object {
    "instance": null,
    "key": undefined,
    "nodeType": "host",
    "props": Object {
      "children": Array [
        <div
          className="row"
        >
          <div
            className="col-md-4 text-left"
          >
            <h3>
              Contract Editor
            </h3>
          </div>
          <div
            className="col-md-8 text-right"
          >
            <Blueprint.Button
              className="pt-intent-primary"
              onClick={[Function]}
              text="Compile"
            />
            <withRouter(Connect(ReduxForm))
              contractNameFromEditor="Cloner"
              enableCreateContract={false}
              onChangeEditorContractName={undefined}
              sourceFromEditor={undefined}
              textFromEditor="contract Cloner {↵Sheep[] public clones;↵string public sheepDNA = \\"ccc\\";↵↵function cloneSheep(string name) returns (address)↵{ Sheep sheep = new Sheep(name, sheepDNA); clones.push(sheep); return sheep }↵↵}↵↵contract Sheep {↵string public name;↵string public dna;↵↵function Sheep(string _name, string _dna)↵{ name = _name; dna = _dna; }↵↵function geneticallyModify(string _dna)↵{ dna = _dna; }↵↵}"
            />
          </div>
        </div>,
        <div
          className="row smd-pad-vertical-4"
        >
          <div
            className="pt-button-group"
          >
            <div
              className="smd-pad-4"
            >
              <Blueprint.Popover
                arrowSize={30}
                className=""
                content={
                  <div
                    className="row"
                  >
                    <input
                      className="pt-input .modifier"
                      dir="auto"
                      onChange={[Function]}
                      placeholder="Enter file name"
                      type="text"
                    />
                    <Blueprint.Button
                      className="pt-intent-primary pt-popover-dismiss"
                      onClick={[Function]}
                      text="Add file"
                    />
                  </div>
                }
                defaultIsOpen={false}
                hoverCloseDelay={300}
                hoverOpenDelay={150}
                inheritDarkTheme={true}
                inline={false}
                interactionKind={0}
                isDisabled={false}
                isModal={false}
                openOnTargetFocus={true}
                popoverClassName="popoverClassName"
                popoverWillClose={[Function]}
                position={1}
                rootElementTag="span"
                transitionDuration={300}
                useSmartArrowPositioning={true}
                useSmartPositioning={false}
              >
                <Blueprint.Button
                  className="pt-icon-add"
                  text="Add File"
                />
              </Blueprint.Popover>
            </div>
            <Dropzone
              className="dropzone smd-pad-4"
              disableClick={false}
              disablePreview={false}
              maxSize={Infinity}
              minSize={0}
              multiple={true}
              onDrop={[Function]}
              preventDropOnDocument={true}
            >
              <Blueprint.Button
                className="pt-icon-add-to-folder"
                text="Import File"
              />
            </Dropzone>
            <div
              className="smd-pad-4"
            >
              <Blueprint.Button
                className="pt-icon-download"
                onClick={[Function]}
                text="Download File"
              />
            </div>
          </div>
        </div>,
        <div
          className="row"
        >
          <div
            className="col-md-12"
          >
            <Blueprint.Tabs2
              animate={true}
              id="editor-tab"
              large={false}
              onChange={[Function]}
              renderActiveTabPanelOnly={false}
              selectedTabId={0}
              vertical={false}
            >
              <Blueprint.Tab2
                disabled={false}
                id={0}
                panel={
                  <MonacoEditor
                    className="col-md-4 text-center"
                    defaultValue=""
                    editorDidMount={[Function]}
                    editorWillMount={[Function]}
                    height={480}
                    language="sol"
                    onChange={[Function]}
                    options={
                      Object {
                        "automaticLayout": true,
                        "theme": "vs-dark",
                      }
                    }
                    requireConfig={
                      Object {
                        "paths": Object {
                          "vs": "vs",
                        },
                        "url": "https://cdnjs.cloudflare.com/ajax/libs/require.js/2.3.1/require.min.js",
                      }
                    }
                    theme={null}
                    value="contract Cloner {↵Sheep[] public clones;↵string public sheepDNA = \\"ccc\\";↵↵function cloneSheep(string name) returns (address)↵{ Sheep sheep = new Sheep(name, sheepDNA); clones.push(sheep); return sheep }↵↵}↵↵contract Sheep {↵string public name;↵string public dna;↵↵function Sheep(string _name, string _dna)↵{ name = _name; dna = _dna; }↵↵function geneticallyModify(string _dna)↵{ dna = _dna; }↵↵}"
                    width="100%"
                  />
                }
                title="abc.sol"
              >
                <span
                  className="pt-icon-standard pt-icon-cross pt-align-right smd-pad-8"
                  onClick={[Function]}
                />
              </Blueprint.Tab2>
              <Blueprint.Tab2
                disabled={false}
                id={1}
                panel={
                  <MonacoEditor
                    className="col-md-4 text-center"
                    defaultValue=""
                    editorDidMount={[Function]}
                    editorWillMount={[Function]}
                    height={480}
                    language="sol"
                    onChange={[Function]}
                    options={
                      Object {
                        "automaticLayout": true,
                        "theme": "vs-dark",
                      }
                    }
                    requireConfig={
                      Object {
                        "paths": Object {
                          "vs": "vs",
                        },
                        "url": "https://cdnjs.cloudflare.com/ajax/libs/require.js/2.3.1/require.min.js",
                      }
                    }
                    theme={null}
                    value="contract Cloner {↵Sheep[] public clones;↵string public sheepDNA = \\"ccc\\";↵↵function cloneSheep(string name) returns (address)↵{ Sheep sheep = new Sheep(name, sheepDNA); clones.push(sheep); return sheep }↵↵}↵↵contract Sheep {↵string public name;↵string public dna;↵↵function Sheep(string _name, string _dna)↵{ name = _name; dna = _dna; }↵↵function geneticallyModify(string _dna)↵{ dna = _dna; }↵↵}"
                    width="100%"
                  />
                }
                title="xyz.sol"
              >
                <span
                  className="pt-icon-standard pt-icon-cross pt-align-right smd-pad-8"
                  onClick={[Function]}
                />
              </Blueprint.Tab2>
            </Blueprint.Tabs2>
          </div>
        </div>,
        <div
          className="row"
        >
          <div
            className="col-md-12"
          >
            <pre
              className="pt-text-muted"
              style={
                Object {
                  "fontSize": "11px",
                  "height": "110px",
                }
              }
            >
               src:6:77: Error: Expected token Semicolon got 'RBrace'↵{ Sheep sheep = new Sheep(name, sheepDNA); clones.push(sheep); return sheep }↵                                                                            ^↵
            </pre>
          </div>
        </div>,
      ],
      "className": "container-fluid pt-dark",
    },
    "ref": null,
    "rendered": Array [
      Object {
        "instance": null,
        "key": undefined,
        "nodeType": "host",
        "props": Object {
          "children": Array [
            <div
              className="col-md-4 text-left"
            >
              <h3>
                Contract Editor
              </h3>
            </div>,
            <div
              className="col-md-8 text-right"
            >
              <Blueprint.Button
                className="pt-intent-primary"
                onClick={[Function]}
                text="Compile"
              />
              <withRouter(Connect(ReduxForm))
                contractNameFromEditor="Cloner"
                enableCreateContract={false}
                onChangeEditorContractName={undefined}
                sourceFromEditor={undefined}
                textFromEditor="contract Cloner {↵Sheep[] public clones;↵string public sheepDNA = \\"ccc\\";↵↵function cloneSheep(string name) returns (address)↵{ Sheep sheep = new Sheep(name, sheepDNA); clones.push(sheep); return sheep }↵↵}↵↵contract Sheep {↵string public name;↵string public dna;↵↵function Sheep(string _name, string _dna)↵{ name = _name; dna = _dna; }↵↵function geneticallyModify(string _dna)↵{ dna = _dna; }↵↵}"
              />
            </div>,
          ],
          "className": "row",
        },
        "ref": null,
        "rendered": Array [
          Object {
            "instance": null,
            "key": undefined,
            "nodeType": "host",
            "props": Object {
              "children": <h3>
                Contract Editor
              </h3>,
              "className": "col-md-4 text-left",
            },
            "ref": null,
            "rendered": Object {
              "instance": null,
              "key": undefined,
              "nodeType": "host",
              "props": Object {
                "children": "Contract Editor",
              },
              "ref": null,
              "rendered": "Contract Editor",
              "type": "h3",
            },
            "type": "div",
          },
          Object {
            "instance": null,
            "key": undefined,
            "nodeType": "host",
            "props": Object {
              "children": Array [
                <Blueprint.Button
                  className="pt-intent-primary"
                  onClick={[Function]}
                  text="Compile"
                />,
                <withRouter(Connect(ReduxForm))
                  contractNameFromEditor="Cloner"
                  enableCreateContract={false}
                  onChangeEditorContractName={undefined}
                  sourceFromEditor={undefined}
                  textFromEditor="contract Cloner {↵Sheep[] public clones;↵string public sheepDNA = \\"ccc\\";↵↵function cloneSheep(string name) returns (address)↵{ Sheep sheep = new Sheep(name, sheepDNA); clones.push(sheep); return sheep }↵↵}↵↵contract Sheep {↵string public name;↵string public dna;↵↵function Sheep(string _name, string _dna)↵{ name = _name; dna = _dna; }↵↵function geneticallyModify(string _dna)↵{ dna = _dna; }↵↵}"
                />,
              ],
              "className": "col-md-8 text-right",
            },
            "ref": null,
            "rendered": Array [
              Object {
                "instance": null,
                "key": undefined,
                "nodeType": "class",
                "props": Object {
                  "className": "pt-intent-primary",
                  "onClick": [Function],
                  "text": "Compile",
                },
                "ref": null,
                "rendered": null,
                "type": [Function],
              },
              Object {
                "instance": null,
                "key": undefined,
                "nodeType": "function",
                "props": Object {
                  "contractNameFromEditor": "Cloner",
                  "enableCreateContract": false,
                  "onChangeEditorContractName": undefined,
                  "sourceFromEditor": undefined,
                  "textFromEditor": "contract Cloner {↵Sheep[] public clones;↵string public sheepDNA = \\"ccc\\";↵↵function cloneSheep(string name) returns (address)↵{ Sheep sheep = new Sheep(name, sheepDNA); clones.push(sheep); return sheep }↵↵}↵↵contract Sheep {↵string public name;↵string public dna;↵↵function Sheep(string _name, string _dna)↵{ name = _name; dna = _dna; }↵↵function geneticallyModify(string _dna)↵{ dna = _dna; }↵↵}",
                },
                "ref": null,
                "rendered": null,
                "type": [Function],
              },
            ],
            "type": "div",
          },
        ],
        "type": "div",
      },
      Object {
        "instance": null,
        "key": undefined,
        "nodeType": "host",
        "props": Object {
          "children": <div
            className="pt-button-group"
          >
            <div
              className="smd-pad-4"
            >
              <Blueprint.Popover
                arrowSize={30}
                className=""
                content={
                  <div
                    className="row"
                  >
                    <input
                      className="pt-input .modifier"
                      dir="auto"
                      onChange={[Function]}
                      placeholder="Enter file name"
                      type="text"
                    />
                    <Blueprint.Button
                      className="pt-intent-primary pt-popover-dismiss"
                      onClick={[Function]}
                      text="Add file"
                    />
                  </div>
                }
                defaultIsOpen={false}
                hoverCloseDelay={300}
                hoverOpenDelay={150}
                inheritDarkTheme={true}
                inline={false}
                interactionKind={0}
                isDisabled={false}
                isModal={false}
                openOnTargetFocus={true}
                popoverClassName="popoverClassName"
                popoverWillClose={[Function]}
                position={1}
                rootElementTag="span"
                transitionDuration={300}
                useSmartArrowPositioning={true}
                useSmartPositioning={false}
              >
                <Blueprint.Button
                  className="pt-icon-add"
                  text="Add File"
                />
              </Blueprint.Popover>
            </div>
            <Dropzone
              className="dropzone smd-pad-4"
              disableClick={false}
              disablePreview={false}
              maxSize={Infinity}
              minSize={0}
              multiple={true}
              onDrop={[Function]}
              preventDropOnDocument={true}
            >
              <Blueprint.Button
                className="pt-icon-add-to-folder"
                text="Import File"
              />
            </Dropzone>
            <div
              className="smd-pad-4"
            >
              <Blueprint.Button
                className="pt-icon-download"
                onClick={[Function]}
                text="Download File"
              />
            </div>
          </div>,
          "className": "row smd-pad-vertical-4",
        },
        "ref": null,
        "rendered": Object {
          "instance": null,
          "key": undefined,
          "nodeType": "host",
          "props": Object {
            "children": Array [
              <div
                className="smd-pad-4"
              >
                <Blueprint.Popover
                  arrowSize={30}
                  className=""
                  content={
                    <div
                      className="row"
                    >
                      <input
                        className="pt-input .modifier"
                        dir="auto"
                        onChange={[Function]}
                        placeholder="Enter file name"
                        type="text"
                      />
                      <Blueprint.Button
                        className="pt-intent-primary pt-popover-dismiss"
                        onClick={[Function]}
                        text="Add file"
                      />
                    </div>
                  }
                  defaultIsOpen={false}
                  hoverCloseDelay={300}
                  hoverOpenDelay={150}
                  inheritDarkTheme={true}
                  inline={false}
                  interactionKind={0}
                  isDisabled={false}
                  isModal={false}
                  openOnTargetFocus={true}
                  popoverClassName="popoverClassName"
                  popoverWillClose={[Function]}
                  position={1}
                  rootElementTag="span"
                  transitionDuration={300}
                  useSmartArrowPositioning={true}
                  useSmartPositioning={false}
                >
                  <Blueprint.Button
                    className="pt-icon-add"
                    text="Add File"
                  />
                </Blueprint.Popover>
              </div>,
              <Dropzone
                className="dropzone smd-pad-4"
                disableClick={false}
                disablePreview={false}
                maxSize={Infinity}
                minSize={0}
                multiple={true}
                onDrop={[Function]}
                preventDropOnDocument={true}
              >
                <Blueprint.Button
                  className="pt-icon-add-to-folder"
                  text="Import File"
                />
              </Dropzone>,
              <div
                className="smd-pad-4"
              >
                <Blueprint.Button
                  className="pt-icon-download"
                  onClick={[Function]}
                  text="Download File"
                />
              </div>,
            ],
            "className": "pt-button-group",
          },
          "ref": null,
          "rendered": Array [
            Object {
              "instance": null,
              "key": undefined,
              "nodeType": "host",
              "props": Object {
                "children": <Blueprint.Popover
                  arrowSize={30}
                  className=""
                  content={
                    <div
                      className="row"
                    >
                      <input
                        className="pt-input .modifier"
                        dir="auto"
                        onChange={[Function]}
                        placeholder="Enter file name"
                        type="text"
                      />
                      <Blueprint.Button
                        className="pt-intent-primary pt-popover-dismiss"
                        onClick={[Function]}
                        text="Add file"
                      />
                    </div>
                  }
                  defaultIsOpen={false}
                  hoverCloseDelay={300}
                  hoverOpenDelay={150}
                  inheritDarkTheme={true}
                  inline={false}
                  interactionKind={0}
                  isDisabled={false}
                  isModal={false}
                  openOnTargetFocus={true}
                  popoverClassName="popoverClassName"
                  popoverWillClose={[Function]}
                  position={1}
                  rootElementTag="span"
                  transitionDuration={300}
                  useSmartArrowPositioning={true}
                  useSmartPositioning={false}
                >
                  <Blueprint.Button
                    className="pt-icon-add"
                    text="Add File"
                  />
                </Blueprint.Popover>,
                "className": "smd-pad-4",
              },
              "ref": null,
              "rendered": Object {
                "instance": null,
                "key": undefined,
                "nodeType": "class",
                "props": Object {
                  "arrowSize": 30,
                  "children": <Blueprint.Button
                    className="pt-icon-add"
                    text="Add File"
                  />,
                  "className": "",
                  "content": <div
                    className="row"
                  >
                    <input
                      className="pt-input .modifier"
                      dir="auto"
                      onChange={[Function]}
                      placeholder="Enter file name"
                      type="text"
                    />
                    <Blueprint.Button
                      className="pt-intent-primary pt-popover-dismiss"
                      onClick={[Function]}
                      text="Add file"
                    />
                  </div>,
                  "defaultIsOpen": false,
                  "hoverCloseDelay": 300,
                  "hoverOpenDelay": 150,
                  "inheritDarkTheme": true,
                  "inline": false,
                  "interactionKind": 0,
                  "isDisabled": false,
                  "isModal": false,
                  "openOnTargetFocus": true,
                  "popoverClassName": "popoverClassName",
                  "popoverWillClose": [Function],
                  "position": 1,
                  "rootElementTag": "span",
                  "transitionDuration": 300,
                  "useSmartArrowPositioning": true,
                  "useSmartPositioning": false,
                },
                "ref": null,
                "rendered": Object {
                  "instance": null,
                  "key": undefined,
                  "nodeType": "class",
                  "props": Object {
                    "className": "pt-icon-add",
                    "text": "Add File",
                  },
                  "ref": null,
                  "rendered": null,
                  "type": [Function],
                },
                "type": [Function],
              },
              "type": "div",
            },
            Object {
              "instance": null,
              "key": undefined,
              "nodeType": "class",
              "props": Object {
                "children": <Blueprint.Button
                  className="pt-icon-add-to-folder"
                  text="Import File"
                />,
                "className": "dropzone smd-pad-4",
                "disableClick": false,
                "disablePreview": false,
                "maxSize": Infinity,
                "minSize": 0,
                "multiple": true,
                "onDrop": [Function],
                "preventDropOnDocument": true,
              },
              "ref": null,
              "rendered": Object {
                "instance": null,
                "key": undefined,
                "nodeType": "class",
                "props": Object {
                  "className": "pt-icon-add-to-folder",
                  "text": "Import File",
                },
                "ref": null,
                "rendered": null,
                "type": [Function],
              },
              "type": [Function],
            },
            Object {
              "instance": null,
              "key": undefined,
              "nodeType": "host",
              "props": Object {
                "children": <Blueprint.Button
                  className="pt-icon-download"
                  onClick={[Function]}
                  text="Download File"
                />,
                "className": "smd-pad-4",
              },
              "ref": null,
              "rendered": Object {
                "instance": null,
                "key": undefined,
                "nodeType": "class",
                "props": Object {
                  "className": "pt-icon-download",
                  "onClick": [Function],
                  "text": "Download File",
                },
                "ref": null,
                "rendered": null,
                "type": [Function],
              },
              "type": "div",
            },
          ],
          "type": "div",
        },
        "type": "div",
      },
      Object {
        "instance": null,
        "key": undefined,
        "nodeType": "host",
        "props": Object {
          "children": <div
            className="col-md-12"
          >
            <Blueprint.Tabs2
              animate={true}
              id="editor-tab"
              large={false}
              onChange={[Function]}
              renderActiveTabPanelOnly={false}
              selectedTabId={0}
              vertical={false}
            >
              <Blueprint.Tab2
                disabled={false}
                id={0}
                panel={
                  <MonacoEditor
                    className="col-md-4 text-center"
                    defaultValue=""
                    editorDidMount={[Function]}
                    editorWillMount={[Function]}
                    height={480}
                    language="sol"
                    onChange={[Function]}
                    options={
                      Object {
                        "automaticLayout": true,
                        "theme": "vs-dark",
                      }
                    }
                    requireConfig={
                      Object {
                        "paths": Object {
                          "vs": "vs",
                        },
                        "url": "https://cdnjs.cloudflare.com/ajax/libs/require.js/2.3.1/require.min.js",
                      }
                    }
                    theme={null}
                    value="contract Cloner {↵Sheep[] public clones;↵string public sheepDNA = \\"ccc\\";↵↵function cloneSheep(string name) returns (address)↵{ Sheep sheep = new Sheep(name, sheepDNA); clones.push(sheep); return sheep }↵↵}↵↵contract Sheep {↵string public name;↵string public dna;↵↵function Sheep(string _name, string _dna)↵{ name = _name; dna = _dna; }↵↵function geneticallyModify(string _dna)↵{ dna = _dna; }↵↵}"
                    width="100%"
                  />
                }
                title="abc.sol"
              >
                <span
                  className="pt-icon-standard pt-icon-cross pt-align-right smd-pad-8"
                  onClick={[Function]}
                />
              </Blueprint.Tab2>
              <Blueprint.Tab2
                disabled={false}
                id={1}
                panel={
                  <MonacoEditor
                    className="col-md-4 text-center"
                    defaultValue=""
                    editorDidMount={[Function]}
                    editorWillMount={[Function]}
                    height={480}
                    language="sol"
                    onChange={[Function]}
                    options={
                      Object {
                        "automaticLayout": true,
                        "theme": "vs-dark",
                      }
                    }
                    requireConfig={
                      Object {
                        "paths": Object {
                          "vs": "vs",
                        },
                        "url": "https://cdnjs.cloudflare.com/ajax/libs/require.js/2.3.1/require.min.js",
                      }
                    }
                    theme={null}
                    value="contract Cloner {↵Sheep[] public clones;↵string public sheepDNA = \\"ccc\\";↵↵function cloneSheep(string name) returns (address)↵{ Sheep sheep = new Sheep(name, sheepDNA); clones.push(sheep); return sheep }↵↵}↵↵contract Sheep {↵string public name;↵string public dna;↵↵function Sheep(string _name, string _dna)↵{ name = _name; dna = _dna; }↵↵function geneticallyModify(string _dna)↵{ dna = _dna; }↵↵}"
                    width="100%"
                  />
                }
                title="xyz.sol"
              >
                <span
                  className="pt-icon-standard pt-icon-cross pt-align-right smd-pad-8"
                  onClick={[Function]}
                />
              </Blueprint.Tab2>
            </Blueprint.Tabs2>
          </div>,
          "className": "row",
        },
        "ref": null,
        "rendered": Object {
          "instance": null,
          "key": undefined,
          "nodeType": "host",
          "props": Object {
            "children": <Blueprint.Tabs2
              animate={true}
              id="editor-tab"
              large={false}
              onChange={[Function]}
              renderActiveTabPanelOnly={false}
              selectedTabId={0}
              vertical={false}
            >
              <Blueprint.Tab2
                disabled={false}
                id={0}
                panel={
                  <MonacoEditor
                    className="col-md-4 text-center"
                    defaultValue=""
                    editorDidMount={[Function]}
                    editorWillMount={[Function]}
                    height={480}
                    language="sol"
                    onChange={[Function]}
                    options={
                      Object {
                        "automaticLayout": true,
                        "theme": "vs-dark",
                      }
                    }
                    requireConfig={
                      Object {
                        "paths": Object {
                          "vs": "vs",
                        },
                        "url": "https://cdnjs.cloudflare.com/ajax/libs/require.js/2.3.1/require.min.js",
                      }
                    }
                    theme={null}
                    value="contract Cloner {↵Sheep[] public clones;↵string public sheepDNA = \\"ccc\\";↵↵function cloneSheep(string name) returns (address)↵{ Sheep sheep = new Sheep(name, sheepDNA); clones.push(sheep); return sheep }↵↵}↵↵contract Sheep {↵string public name;↵string public dna;↵↵function Sheep(string _name, string _dna)↵{ name = _name; dna = _dna; }↵↵function geneticallyModify(string _dna)↵{ dna = _dna; }↵↵}"
                    width="100%"
                  />
                }
                title="abc.sol"
              >
                <span
                  className="pt-icon-standard pt-icon-cross pt-align-right smd-pad-8"
                  onClick={[Function]}
                />
              </Blueprint.Tab2>
              <Blueprint.Tab2
                disabled={false}
                id={1}
                panel={
                  <MonacoEditor
                    className="col-md-4 text-center"
                    defaultValue=""
                    editorDidMount={[Function]}
                    editorWillMount={[Function]}
                    height={480}
                    language="sol"
                    onChange={[Function]}
                    options={
                      Object {
                        "automaticLayout": true,
                        "theme": "vs-dark",
                      }
                    }
                    requireConfig={
                      Object {
                        "paths": Object {
                          "vs": "vs",
                        },
                        "url": "https://cdnjs.cloudflare.com/ajax/libs/require.js/2.3.1/require.min.js",
                      }
                    }
                    theme={null}
                    value="contract Cloner {↵Sheep[] public clones;↵string public sheepDNA = \\"ccc\\";↵↵function cloneSheep(string name) returns (address)↵{ Sheep sheep = new Sheep(name, sheepDNA); clones.push(sheep); return sheep }↵↵}↵↵contract Sheep {↵string public name;↵string public dna;↵↵function Sheep(string _name, string _dna)↵{ name = _name; dna = _dna; }↵↵function geneticallyModify(string _dna)↵{ dna = _dna; }↵↵}"
                    width="100%"
                  />
                }
                title="xyz.sol"
              >
                <span
                  className="pt-icon-standard pt-icon-cross pt-align-right smd-pad-8"
                  onClick={[Function]}
                />
              </Blueprint.Tab2>
            </Blueprint.Tabs2>,
            "className": "col-md-12",
          },
          "ref": null,
          "rendered": Object {
            "instance": null,
            "key": undefined,
            "nodeType": "class",
            "props": Object {
              "animate": true,
              "children": Array [
                <Blueprint.Tab2
                  disabled={false}
                  id={0}
                  panel={
                    <MonacoEditor
                      className="col-md-4 text-center"
                      defaultValue=""
                      editorDidMount={[Function]}
                      editorWillMount={[Function]}
                      height={480}
                      language="sol"
                      onChange={[Function]}
                      options={
                        Object {
                          "automaticLayout": true,
                          "theme": "vs-dark",
                        }
                      }
                      requireConfig={
                        Object {
                          "paths": Object {
                            "vs": "vs",
                          },
                          "url": "https://cdnjs.cloudflare.com/ajax/libs/require.js/2.3.1/require.min.js",
                        }
                      }
                      theme={null}
                      value="contract Cloner {↵Sheep[] public clones;↵string public sheepDNA = \\"ccc\\";↵↵function cloneSheep(string name) returns (address)↵{ Sheep sheep = new Sheep(name, sheepDNA); clones.push(sheep); return sheep }↵↵}↵↵contract Sheep {↵string public name;↵string public dna;↵↵function Sheep(string _name, string _dna)↵{ name = _name; dna = _dna; }↵↵function geneticallyModify(string _dna)↵{ dna = _dna; }↵↵}"
                      width="100%"
                    />
                  }
                  title="abc.sol"
                >
                  <span
                    className="pt-icon-standard pt-icon-cross pt-align-right smd-pad-8"
                    onClick={[Function]}
                  />
                </Blueprint.Tab2>,
                <Blueprint.Tab2
                  disabled={false}
                  id={1}
                  panel={
                    <MonacoEditor
                      className="col-md-4 text-center"
                      defaultValue=""
                      editorDidMount={[Function]}
                      editorWillMount={[Function]}
                      height={480}
                      language="sol"
                      onChange={[Function]}
                      options={
                        Object {
                          "automaticLayout": true,
                          "theme": "vs-dark",
                        }
                      }
                      requireConfig={
                        Object {
                          "paths": Object {
                            "vs": "vs",
                          },
                          "url": "https://cdnjs.cloudflare.com/ajax/libs/require.js/2.3.1/require.min.js",
                        }
                      }
                      theme={null}
                      value="contract Cloner {↵Sheep[] public clones;↵string public sheepDNA = \\"ccc\\";↵↵function cloneSheep(string name) returns (address)↵{ Sheep sheep = new Sheep(name, sheepDNA); clones.push(sheep); return sheep }↵↵}↵↵contract Sheep {↵string public name;↵string public dna;↵↵function Sheep(string _name, string _dna)↵{ name = _name; dna = _dna; }↵↵function geneticallyModify(string _dna)↵{ dna = _dna; }↵↵}"
                      width="100%"
                    />
                  }
                  title="xyz.sol"
                >
                  <span
                    className="pt-icon-standard pt-icon-cross pt-align-right smd-pad-8"
                    onClick={[Function]}
                  />
                </Blueprint.Tab2>,
              ],
              "id": "editor-tab",
              "large": false,
              "onChange": [Function],
              "renderActiveTabPanelOnly": false,
              "selectedTabId": 0,
              "vertical": false,
            },
            "ref": null,
            "rendered": Array [
              Object {
                "instance": null,
                "key": "0",
                "nodeType": "class",
                "props": Object {
                  "children": <span
                    className="pt-icon-standard pt-icon-cross pt-align-right smd-pad-8"
                    onClick={[Function]}
                  />,
                  "disabled": false,
                  "id": 0,
                  "panel": <MonacoEditor
                    className="col-md-4 text-center"
                    defaultValue=""
                    editorDidMount={[Function]}
                    editorWillMount={[Function]}
                    height={480}
                    language="sol"
                    onChange={[Function]}
                    options={
                      Object {
                        "automaticLayout": true,
                        "theme": "vs-dark",
                      }
                    }
                    requireConfig={
                      Object {
                        "paths": Object {
                          "vs": "vs",
                        },
                        "url": "https://cdnjs.cloudflare.com/ajax/libs/require.js/2.3.1/require.min.js",
                      }
                    }
                    theme={null}
                    value="contract Cloner {↵Sheep[] public clones;↵string public sheepDNA = \\"ccc\\";↵↵function cloneSheep(string name) returns (address)↵{ Sheep sheep = new Sheep(name, sheepDNA); clones.push(sheep); return sheep }↵↵}↵↵contract Sheep {↵string public name;↵string public dna;↵↵function Sheep(string _name, string _dna)↵{ name = _name; dna = _dna; }↵↵function geneticallyModify(string _dna)↵{ dna = _dna; }↵↵}"
                    width="100%"
                  />,
                  "title": "abc.sol",
                },
                "ref": null,
                "rendered": Object {
                  "instance": null,
                  "key": undefined,
                  "nodeType": "host",
                  "props": Object {
                    "className": "pt-icon-standard pt-icon-cross pt-align-right smd-pad-8",
                    "onClick": [Function],
                  },
                  "ref": null,
                  "rendered": null,
                  "type": "span",
                },
                "type": [Function],
              },
              Object {
                "instance": null,
                "key": "1",
                "nodeType": "class",
                "props": Object {
                  "children": <span
                    className="pt-icon-standard pt-icon-cross pt-align-right smd-pad-8"
                    onClick={[Function]}
                  />,
                  "disabled": false,
                  "id": 1,
                  "panel": <MonacoEditor
                    className="col-md-4 text-center"
                    defaultValue=""
                    editorDidMount={[Function]}
                    editorWillMount={[Function]}
                    height={480}
                    language="sol"
                    onChange={[Function]}
                    options={
                      Object {
                        "automaticLayout": true,
                        "theme": "vs-dark",
                      }
                    }
                    requireConfig={
                      Object {
                        "paths": Object {
                          "vs": "vs",
                        },
                        "url": "https://cdnjs.cloudflare.com/ajax/libs/require.js/2.3.1/require.min.js",
                      }
                    }
                    theme={null}
                    value="contract Cloner {↵Sheep[] public clones;↵string public sheepDNA = \\"ccc\\";↵↵function cloneSheep(string name) returns (address)↵{ Sheep sheep = new Sheep(name, sheepDNA); clones.push(sheep); return sheep }↵↵}↵↵contract Sheep {↵string public name;↵string public dna;↵↵function Sheep(string _name, string _dna)↵{ name = _name; dna = _dna; }↵↵function geneticallyModify(string _dna)↵{ dna = _dna; }↵↵}"
                    width="100%"
                  />,
                  "title": "xyz.sol",
                },
                "ref": null,
                "rendered": Object {
                  "instance": null,
                  "key": undefined,
                  "nodeType": "host",
                  "props": Object {
                    "className": "pt-icon-standard pt-icon-cross pt-align-right smd-pad-8",
                    "onClick": [Function],
                  },
                  "ref": null,
                  "rendered": null,
                  "type": "span",
                },
                "type": [Function],
              },
            ],
            "type": [Function],
          },
          "type": "div",
        },
        "type": "div",
      },
      Object {
        "instance": null,
        "key": undefined,
        "nodeType": "host",
        "props": Object {
          "children": <div
            className="col-md-12"
          >
            <pre
              className="pt-text-muted"
              style={
                Object {
                  "fontSize": "11px",
                  "height": "110px",
                }
              }
            >
               src:6:77: Error: Expected token Semicolon got 'RBrace'↵{ Sheep sheep = new Sheep(name, sheepDNA); clones.push(sheep); return sheep }↵                                                                            ^↵
            </pre>
          </div>,
          "className": "row",
        },
        "ref": null,
        "rendered": Object {
          "instance": null,
          "key": undefined,
          "nodeType": "host",
          "props": Object {
            "children": <pre
              className="pt-text-muted"
              style={
                Object {
                  "fontSize": "11px",
                  "height": "110px",
                }
              }
            >
               src:6:77: Error: Expected token Semicolon got 'RBrace'↵{ Sheep sheep = new Sheep(name, sheepDNA); clones.push(sheep); return sheep }↵                                                                            ^↵
            </pre>,
            "className": "col-md-12",
          },
          "ref": null,
          "rendered": Object {
            "instance": null,
            "key": undefined,
            "nodeType": "host",
            "props": Object {
              "children": " src:6:77: Error: Expected token Semicolon got 'RBrace'↵{ Sheep sheep = new Sheep(name, sheepDNA); clones.push(sheep); return sheep }↵                                                                            ^↵",
              "className": "pt-text-muted",
              "style": Object {
                "fontSize": "11px",
                "height": "110px",
              },
            },
            "ref": null,
            "rendered": " src:6:77: Error: Expected token Semicolon got 'RBrace'↵{ Sheep sheep = new Sheep(name, sheepDNA); clones.push(sheep); return sheep }↵                                                                            ^↵",
            "type": "pre",
          },
          "type": "div",
        },
        "type": "div",
      },
    ],
    "type": "div",
  },
  Symbol(enzyme.__nodes__): Array [
    Object {
      "instance": null,
      "key": undefined,
      "nodeType": "host",
      "props": Object {
        "children": Array [
          <div
            className="row"
          >
            <div
              className="col-md-4 text-left"
            >
              <h3>
                Contract Editor
              </h3>
            </div>
            <div
              className="col-md-8 text-right"
            >
              <Blueprint.Button
                className="pt-intent-primary"
                onClick={[Function]}
                text="Compile"
              />
              <withRouter(Connect(ReduxForm))
                contractNameFromEditor="Cloner"
                enableCreateContract={false}
                onChangeEditorContractName={undefined}
                sourceFromEditor={undefined}
                textFromEditor="contract Cloner {↵Sheep[] public clones;↵string public sheepDNA = \\"ccc\\";↵↵function cloneSheep(string name) returns (address)↵{ Sheep sheep = new Sheep(name, sheepDNA); clones.push(sheep); return sheep }↵↵}↵↵contract Sheep {↵string public name;↵string public dna;↵↵function Sheep(string _name, string _dna)↵{ name = _name; dna = _dna; }↵↵function geneticallyModify(string _dna)↵{ dna = _dna; }↵↵}"
              />
            </div>
          </div>,
          <div
            className="row smd-pad-vertical-4"
          >
            <div
              className="pt-button-group"
            >
              <div
                className="smd-pad-4"
              >
                <Blueprint.Popover
                  arrowSize={30}
                  className=""
                  content={
                    <div
                      className="row"
                    >
                      <input
                        className="pt-input .modifier"
                        dir="auto"
                        onChange={[Function]}
                        placeholder="Enter file name"
                        type="text"
                      />
                      <Blueprint.Button
                        className="pt-intent-primary pt-popover-dismiss"
                        onClick={[Function]}
                        text="Add file"
                      />
                    </div>
                  }
                  defaultIsOpen={false}
                  hoverCloseDelay={300}
                  hoverOpenDelay={150}
                  inheritDarkTheme={true}
                  inline={false}
                  interactionKind={0}
                  isDisabled={false}
                  isModal={false}
                  openOnTargetFocus={true}
                  popoverClassName="popoverClassName"
                  popoverWillClose={[Function]}
                  position={1}
                  rootElementTag="span"
                  transitionDuration={300}
                  useSmartArrowPositioning={true}
                  useSmartPositioning={false}
                >
                  <Blueprint.Button
                    className="pt-icon-add"
                    text="Add File"
                  />
                </Blueprint.Popover>
              </div>
              <Dropzone
                className="dropzone smd-pad-4"
                disableClick={false}
                disablePreview={false}
                maxSize={Infinity}
                minSize={0}
                multiple={true}
                onDrop={[Function]}
                preventDropOnDocument={true}
              >
                <Blueprint.Button
                  className="pt-icon-add-to-folder"
                  text="Import File"
                />
              </Dropzone>
              <div
                className="smd-pad-4"
              >
                <Blueprint.Button
                  className="pt-icon-download"
                  onClick={[Function]}
                  text="Download File"
                />
              </div>
            </div>
          </div>,
          <div
            className="row"
          >
            <div
              className="col-md-12"
            >
              <Blueprint.Tabs2
                animate={true}
                id="editor-tab"
                large={false}
                onChange={[Function]}
                renderActiveTabPanelOnly={false}
                selectedTabId={0}
                vertical={false}
              >
                <Blueprint.Tab2
                  disabled={false}
                  id={0}
                  panel={
                    <MonacoEditor
                      className="col-md-4 text-center"
                      defaultValue=""
                      editorDidMount={[Function]}
                      editorWillMount={[Function]}
                      height={480}
                      language="sol"
                      onChange={[Function]}
                      options={
                        Object {
                          "automaticLayout": true,
                          "theme": "vs-dark",
                        }
                      }
                      requireConfig={
                        Object {
                          "paths": Object {
                            "vs": "vs",
                          },
                          "url": "https://cdnjs.cloudflare.com/ajax/libs/require.js/2.3.1/require.min.js",
                        }
                      }
                      theme={null}
                      value="contract Cloner {↵Sheep[] public clones;↵string public sheepDNA = \\"ccc\\";↵↵function cloneSheep(string name) returns (address)↵{ Sheep sheep = new Sheep(name, sheepDNA); clones.push(sheep); return sheep }↵↵}↵↵contract Sheep {↵string public name;↵string public dna;↵↵function Sheep(string _name, string _dna)↵{ name = _name; dna = _dna; }↵↵function geneticallyModify(string _dna)↵{ dna = _dna; }↵↵}"
                      width="100%"
                    />
                  }
                  title="abc.sol"
                >
                  <span
                    className="pt-icon-standard pt-icon-cross pt-align-right smd-pad-8"
                    onClick={[Function]}
                  />
                </Blueprint.Tab2>
                <Blueprint.Tab2
                  disabled={false}
                  id={1}
                  panel={
                    <MonacoEditor
                      className="col-md-4 text-center"
                      defaultValue=""
                      editorDidMount={[Function]}
                      editorWillMount={[Function]}
                      height={480}
                      language="sol"
                      onChange={[Function]}
                      options={
                        Object {
                          "automaticLayout": true,
                          "theme": "vs-dark",
                        }
                      }
                      requireConfig={
                        Object {
                          "paths": Object {
                            "vs": "vs",
                          },
                          "url": "https://cdnjs.cloudflare.com/ajax/libs/require.js/2.3.1/require.min.js",
                        }
                      }
                      theme={null}
                      value="contract Cloner {↵Sheep[] public clones;↵string public sheepDNA = \\"ccc\\";↵↵function cloneSheep(string name) returns (address)↵{ Sheep sheep = new Sheep(name, sheepDNA); clones.push(sheep); return sheep }↵↵}↵↵contract Sheep {↵string public name;↵string public dna;↵↵function Sheep(string _name, string _dna)↵{ name = _name; dna = _dna; }↵↵function geneticallyModify(string _dna)↵{ dna = _dna; }↵↵}"
                      width="100%"
                    />
                  }
                  title="xyz.sol"
                >
                  <span
                    className="pt-icon-standard pt-icon-cross pt-align-right smd-pad-8"
                    onClick={[Function]}
                  />
                </Blueprint.Tab2>
              </Blueprint.Tabs2>
            </div>
          </div>,
          <div
            className="row"
          >
            <div
              className="col-md-12"
            >
              <pre
                className="pt-text-muted"
                style={
                  Object {
                    "fontSize": "11px",
                    "height": "110px",
                  }
                }
              >
                 src:6:77: Error: Expected token Semicolon got 'RBrace'↵{ Sheep sheep = new Sheep(name, sheepDNA); clones.push(sheep); return sheep }↵                                                                            ^↵
              </pre>
            </div>
          </div>,
        ],
        "className": "container-fluid pt-dark",
      },
      "ref": null,
      "rendered": Array [
        Object {
          "instance": null,
          "key": undefined,
          "nodeType": "host",
          "props": Object {
            "children": Array [
              <div
                className="col-md-4 text-left"
              >
                <h3>
                  Contract Editor
                </h3>
              </div>,
              <div
                className="col-md-8 text-right"
              >
                <Blueprint.Button
                  className="pt-intent-primary"
                  onClick={[Function]}
                  text="Compile"
                />
                <withRouter(Connect(ReduxForm))
                  contractNameFromEditor="Cloner"
                  enableCreateContract={false}
                  onChangeEditorContractName={undefined}
                  sourceFromEditor={undefined}
                  textFromEditor="contract Cloner {↵Sheep[] public clones;↵string public sheepDNA = \\"ccc\\";↵↵function cloneSheep(string name) returns (address)↵{ Sheep sheep = new Sheep(name, sheepDNA); clones.push(sheep); return sheep }↵↵}↵↵contract Sheep {↵string public name;↵string public dna;↵↵function Sheep(string _name, string _dna)↵{ name = _name; dna = _dna; }↵↵function geneticallyModify(string _dna)↵{ dna = _dna; }↵↵}"
                />
              </div>,
            ],
            "className": "row",
          },
          "ref": null,
          "rendered": Array [
            Object {
              "instance": null,
              "key": undefined,
              "nodeType": "host",
              "props": Object {
                "children": <h3>
                  Contract Editor
                </h3>,
                "className": "col-md-4 text-left",
              },
              "ref": null,
              "rendered": Object {
                "instance": null,
                "key": undefined,
                "nodeType": "host",
                "props": Object {
                  "children": "Contract Editor",
                },
                "ref": null,
                "rendered": "Contract Editor",
                "type": "h3",
              },
              "type": "div",
            },
            Object {
              "instance": null,
              "key": undefined,
              "nodeType": "host",
              "props": Object {
                "children": Array [
                  <Blueprint.Button
                    className="pt-intent-primary"
                    onClick={[Function]}
                    text="Compile"
                  />,
                  <withRouter(Connect(ReduxForm))
                    contractNameFromEditor="Cloner"
                    enableCreateContract={false}
                    onChangeEditorContractName={undefined}
                    sourceFromEditor={undefined}
                    textFromEditor="contract Cloner {↵Sheep[] public clones;↵string public sheepDNA = \\"ccc\\";↵↵function cloneSheep(string name) returns (address)↵{ Sheep sheep = new Sheep(name, sheepDNA); clones.push(sheep); return sheep }↵↵}↵↵contract Sheep {↵string public name;↵string public dna;↵↵function Sheep(string _name, string _dna)↵{ name = _name; dna = _dna; }↵↵function geneticallyModify(string _dna)↵{ dna = _dna; }↵↵}"
                  />,
                ],
                "className": "col-md-8 text-right",
              },
              "ref": null,
              "rendered": Array [
                Object {
                  "instance": null,
                  "key": undefined,
                  "nodeType": "class",
                  "props": Object {
                    "className": "pt-intent-primary",
                    "onClick": [Function],
                    "text": "Compile",
                  },
                  "ref": null,
                  "rendered": null,
                  "type": [Function],
                },
                Object {
                  "instance": null,
                  "key": undefined,
                  "nodeType": "function",
                  "props": Object {
                    "contractNameFromEditor": "Cloner",
                    "enableCreateContract": false,
                    "onChangeEditorContractName": undefined,
                    "sourceFromEditor": undefined,
                    "textFromEditor": "contract Cloner {↵Sheep[] public clones;↵string public sheepDNA = \\"ccc\\";↵↵function cloneSheep(string name) returns (address)↵{ Sheep sheep = new Sheep(name, sheepDNA); clones.push(sheep); return sheep }↵↵}↵↵contract Sheep {↵string public name;↵string public dna;↵↵function Sheep(string _name, string _dna)↵{ name = _name; dna = _dna; }↵↵function geneticallyModify(string _dna)↵{ dna = _dna; }↵↵}",
                  },
                  "ref": null,
                  "rendered": null,
                  "type": [Function],
                },
              ],
              "type": "div",
            },
          ],
          "type": "div",
        },
        Object {
          "instance": null,
          "key": undefined,
          "nodeType": "host",
          "props": Object {
            "children": <div
              className="pt-button-group"
            >
              <div
                className="smd-pad-4"
              >
                <Blueprint.Popover
                  arrowSize={30}
                  className=""
                  content={
                    <div
                      className="row"
                    >
                      <input
                        className="pt-input .modifier"
                        dir="auto"
                        onChange={[Function]}
                        placeholder="Enter file name"
                        type="text"
                      />
                      <Blueprint.Button
                        className="pt-intent-primary pt-popover-dismiss"
                        onClick={[Function]}
                        text="Add file"
                      />
                    </div>
                  }
                  defaultIsOpen={false}
                  hoverCloseDelay={300}
                  hoverOpenDelay={150}
                  inheritDarkTheme={true}
                  inline={false}
                  interactionKind={0}
                  isDisabled={false}
                  isModal={false}
                  openOnTargetFocus={true}
                  popoverClassName="popoverClassName"
                  popoverWillClose={[Function]}
                  position={1}
                  rootElementTag="span"
                  transitionDuration={300}
                  useSmartArrowPositioning={true}
                  useSmartPositioning={false}
                >
                  <Blueprint.Button
                    className="pt-icon-add"
                    text="Add File"
                  />
                </Blueprint.Popover>
              </div>
              <Dropzone
                className="dropzone smd-pad-4"
                disableClick={false}
                disablePreview={false}
                maxSize={Infinity}
                minSize={0}
                multiple={true}
                onDrop={[Function]}
                preventDropOnDocument={true}
              >
                <Blueprint.Button
                  className="pt-icon-add-to-folder"
                  text="Import File"
                />
              </Dropzone>
              <div
                className="smd-pad-4"
              >
                <Blueprint.Button
                  className="pt-icon-download"
                  onClick={[Function]}
                  text="Download File"
                />
              </div>
            </div>,
            "className": "row smd-pad-vertical-4",
          },
          "ref": null,
          "rendered": Object {
            "instance": null,
            "key": undefined,
            "nodeType": "host",
            "props": Object {
              "children": Array [
                <div
                  className="smd-pad-4"
                >
                  <Blueprint.Popover
                    arrowSize={30}
                    className=""
                    content={
                      <div
                        className="row"
                      >
                        <input
                          className="pt-input .modifier"
                          dir="auto"
                          onChange={[Function]}
                          placeholder="Enter file name"
                          type="text"
                        />
                        <Blueprint.Button
                          className="pt-intent-primary pt-popover-dismiss"
                          onClick={[Function]}
                          text="Add file"
                        />
                      </div>
                    }
                    defaultIsOpen={false}
                    hoverCloseDelay={300}
                    hoverOpenDelay={150}
                    inheritDarkTheme={true}
                    inline={false}
                    interactionKind={0}
                    isDisabled={false}
                    isModal={false}
                    openOnTargetFocus={true}
                    popoverClassName="popoverClassName"
                    popoverWillClose={[Function]}
                    position={1}
                    rootElementTag="span"
                    transitionDuration={300}
                    useSmartArrowPositioning={true}
                    useSmartPositioning={false}
                  >
                    <Blueprint.Button
                      className="pt-icon-add"
                      text="Add File"
                    />
                  </Blueprint.Popover>
                </div>,
                <Dropzone
                  className="dropzone smd-pad-4"
                  disableClick={false}
                  disablePreview={false}
                  maxSize={Infinity}
                  minSize={0}
                  multiple={true}
                  onDrop={[Function]}
                  preventDropOnDocument={true}
                >
                  <Blueprint.Button
                    className="pt-icon-add-to-folder"
                    text="Import File"
                  />
                </Dropzone>,
                <div
                  className="smd-pad-4"
                >
                  <Blueprint.Button
                    className="pt-icon-download"
                    onClick={[Function]}
                    text="Download File"
                  />
                </div>,
              ],
              "className": "pt-button-group",
            },
            "ref": null,
            "rendered": Array [
              Object {
                "instance": null,
                "key": undefined,
                "nodeType": "host",
                "props": Object {
                  "children": <Blueprint.Popover
                    arrowSize={30}
                    className=""
                    content={
                      <div
                        className="row"
                      >
                        <input
                          className="pt-input .modifier"
                          dir="auto"
                          onChange={[Function]}
                          placeholder="Enter file name"
                          type="text"
                        />
                        <Blueprint.Button
                          className="pt-intent-primary pt-popover-dismiss"
                          onClick={[Function]}
                          text="Add file"
                        />
                      </div>
                    }
                    defaultIsOpen={false}
                    hoverCloseDelay={300}
                    hoverOpenDelay={150}
                    inheritDarkTheme={true}
                    inline={false}
                    interactionKind={0}
                    isDisabled={false}
                    isModal={false}
                    openOnTargetFocus={true}
                    popoverClassName="popoverClassName"
                    popoverWillClose={[Function]}
                    position={1}
                    rootElementTag="span"
                    transitionDuration={300}
                    useSmartArrowPositioning={true}
                    useSmartPositioning={false}
                  >
                    <Blueprint.Button
                      className="pt-icon-add"
                      text="Add File"
                    />
                  </Blueprint.Popover>,
                  "className": "smd-pad-4",
                },
                "ref": null,
                "rendered": Object {
                  "instance": null,
                  "key": undefined,
                  "nodeType": "class",
                  "props": Object {
                    "arrowSize": 30,
                    "children": <Blueprint.Button
                      className="pt-icon-add"
                      text="Add File"
                    />,
                    "className": "",
                    "content": <div
                      className="row"
                    >
                      <input
                        className="pt-input .modifier"
                        dir="auto"
                        onChange={[Function]}
                        placeholder="Enter file name"
                        type="text"
                      />
                      <Blueprint.Button
                        className="pt-intent-primary pt-popover-dismiss"
                        onClick={[Function]}
                        text="Add file"
                      />
                    </div>,
                    "defaultIsOpen": false,
                    "hoverCloseDelay": 300,
                    "hoverOpenDelay": 150,
                    "inheritDarkTheme": true,
                    "inline": false,
                    "interactionKind": 0,
                    "isDisabled": false,
                    "isModal": false,
                    "openOnTargetFocus": true,
                    "popoverClassName": "popoverClassName",
                    "popoverWillClose": [Function],
                    "position": 1,
                    "rootElementTag": "span",
                    "transitionDuration": 300,
                    "useSmartArrowPositioning": true,
                    "useSmartPositioning": false,
                  },
                  "ref": null,
                  "rendered": Object {
                    "instance": null,
                    "key": undefined,
                    "nodeType": "class",
                    "props": Object {
                      "className": "pt-icon-add",
                      "text": "Add File",
                    },
                    "ref": null,
                    "rendered": null,
                    "type": [Function],
                  },
                  "type": [Function],
                },
                "type": "div",
              },
              Object {
                "instance": null,
                "key": undefined,
                "nodeType": "class",
                "props": Object {
                  "children": <Blueprint.Button
                    className="pt-icon-add-to-folder"
                    text="Import File"
                  />,
                  "className": "dropzone smd-pad-4",
                  "disableClick": false,
                  "disablePreview": false,
                  "maxSize": Infinity,
                  "minSize": 0,
                  "multiple": true,
                  "onDrop": [Function],
                  "preventDropOnDocument": true,
                },
                "ref": null,
                "rendered": Object {
                  "instance": null,
                  "key": undefined,
                  "nodeType": "class",
                  "props": Object {
                    "className": "pt-icon-add-to-folder",
                    "text": "Import File",
                  },
                  "ref": null,
                  "rendered": null,
                  "type": [Function],
                },
                "type": [Function],
              },
              Object {
                "instance": null,
                "key": undefined,
                "nodeType": "host",
                "props": Object {
                  "children": <Blueprint.Button
                    className="pt-icon-download"
                    onClick={[Function]}
                    text="Download File"
                  />,
                  "className": "smd-pad-4",
                },
                "ref": null,
                "rendered": Object {
                  "instance": null,
                  "key": undefined,
                  "nodeType": "class",
                  "props": Object {
                    "className": "pt-icon-download",
                    "onClick": [Function],
                    "text": "Download File",
                  },
                  "ref": null,
                  "rendered": null,
                  "type": [Function],
                },
                "type": "div",
              },
            ],
            "type": "div",
          },
          "type": "div",
        },
        Object {
          "instance": null,
          "key": undefined,
          "nodeType": "host",
          "props": Object {
            "children": <div
              className="col-md-12"
            >
              <Blueprint.Tabs2
                animate={true}
                id="editor-tab"
                large={false}
                onChange={[Function]}
                renderActiveTabPanelOnly={false}
                selectedTabId={0}
                vertical={false}
              >
                <Blueprint.Tab2
                  disabled={false}
                  id={0}
                  panel={
                    <MonacoEditor
                      className="col-md-4 text-center"
                      defaultValue=""
                      editorDidMount={[Function]}
                      editorWillMount={[Function]}
                      height={480}
                      language="sol"
                      onChange={[Function]}
                      options={
                        Object {
                          "automaticLayout": true,
                          "theme": "vs-dark",
                        }
                      }
                      requireConfig={
                        Object {
                          "paths": Object {
                            "vs": "vs",
                          },
                          "url": "https://cdnjs.cloudflare.com/ajax/libs/require.js/2.3.1/require.min.js",
                        }
                      }
                      theme={null}
                      value="contract Cloner {↵Sheep[] public clones;↵string public sheepDNA = \\"ccc\\";↵↵function cloneSheep(string name) returns (address)↵{ Sheep sheep = new Sheep(name, sheepDNA); clones.push(sheep); return sheep }↵↵}↵↵contract Sheep {↵string public name;↵string public dna;↵↵function Sheep(string _name, string _dna)↵{ name = _name; dna = _dna; }↵↵function geneticallyModify(string _dna)↵{ dna = _dna; }↵↵}"
                      width="100%"
                    />
                  }
                  title="abc.sol"
                >
                  <span
                    className="pt-icon-standard pt-icon-cross pt-align-right smd-pad-8"
                    onClick={[Function]}
                  />
                </Blueprint.Tab2>
                <Blueprint.Tab2
                  disabled={false}
                  id={1}
                  panel={
                    <MonacoEditor
                      className="col-md-4 text-center"
                      defaultValue=""
                      editorDidMount={[Function]}
                      editorWillMount={[Function]}
                      height={480}
                      language="sol"
                      onChange={[Function]}
                      options={
                        Object {
                          "automaticLayout": true,
                          "theme": "vs-dark",
                        }
                      }
                      requireConfig={
                        Object {
                          "paths": Object {
                            "vs": "vs",
                          },
                          "url": "https://cdnjs.cloudflare.com/ajax/libs/require.js/2.3.1/require.min.js",
                        }
                      }
                      theme={null}
                      value="contract Cloner {↵Sheep[] public clones;↵string public sheepDNA = \\"ccc\\";↵↵function cloneSheep(string name) returns (address)↵{ Sheep sheep = new Sheep(name, sheepDNA); clones.push(sheep); return sheep }↵↵}↵↵contract Sheep {↵string public name;↵string public dna;↵↵function Sheep(string _name, string _dna)↵{ name = _name; dna = _dna; }↵↵function geneticallyModify(string _dna)↵{ dna = _dna; }↵↵}"
                      width="100%"
                    />
                  }
                  title="xyz.sol"
                >
                  <span
                    className="pt-icon-standard pt-icon-cross pt-align-right smd-pad-8"
                    onClick={[Function]}
                  />
                </Blueprint.Tab2>
              </Blueprint.Tabs2>
            </div>,
            "className": "row",
          },
          "ref": null,
          "rendered": Object {
            "instance": null,
            "key": undefined,
            "nodeType": "host",
            "props": Object {
              "children": <Blueprint.Tabs2
                animate={true}
                id="editor-tab"
                large={false}
                onChange={[Function]}
                renderActiveTabPanelOnly={false}
                selectedTabId={0}
                vertical={false}
              >
                <Blueprint.Tab2
                  disabled={false}
                  id={0}
                  panel={
                    <MonacoEditor
                      className="col-md-4 text-center"
                      defaultValue=""
                      editorDidMount={[Function]}
                      editorWillMount={[Function]}
                      height={480}
                      language="sol"
                      onChange={[Function]}
                      options={
                        Object {
                          "automaticLayout": true,
                          "theme": "vs-dark",
                        }
                      }
                      requireConfig={
                        Object {
                          "paths": Object {
                            "vs": "vs",
                          },
                          "url": "https://cdnjs.cloudflare.com/ajax/libs/require.js/2.3.1/require.min.js",
                        }
                      }
                      theme={null}
                      value="contract Cloner {↵Sheep[] public clones;↵string public sheepDNA = \\"ccc\\";↵↵function cloneSheep(string name) returns (address)↵{ Sheep sheep = new Sheep(name, sheepDNA); clones.push(sheep); return sheep }↵↵}↵↵contract Sheep {↵string public name;↵string public dna;↵↵function Sheep(string _name, string _dna)↵{ name = _name; dna = _dna; }↵↵function geneticallyModify(string _dna)↵{ dna = _dna; }↵↵}"
                      width="100%"
                    />
                  }
                  title="abc.sol"
                >
                  <span
                    className="pt-icon-standard pt-icon-cross pt-align-right smd-pad-8"
                    onClick={[Function]}
                  />
                </Blueprint.Tab2>
                <Blueprint.Tab2
                  disabled={false}
                  id={1}
                  panel={
                    <MonacoEditor
                      className="col-md-4 text-center"
                      defaultValue=""
                      editorDidMount={[Function]}
                      editorWillMount={[Function]}
                      height={480}
                      language="sol"
                      onChange={[Function]}
                      options={
                        Object {
                          "automaticLayout": true,
                          "theme": "vs-dark",
                        }
                      }
                      requireConfig={
                        Object {
                          "paths": Object {
                            "vs": "vs",
                          },
                          "url": "https://cdnjs.cloudflare.com/ajax/libs/require.js/2.3.1/require.min.js",
                        }
                      }
                      theme={null}
                      value="contract Cloner {↵Sheep[] public clones;↵string public sheepDNA = \\"ccc\\";↵↵function cloneSheep(string name) returns (address)↵{ Sheep sheep = new Sheep(name, sheepDNA); clones.push(sheep); return sheep }↵↵}↵↵contract Sheep {↵string public name;↵string public dna;↵↵function Sheep(string _name, string _dna)↵{ name = _name; dna = _dna; }↵↵function geneticallyModify(string _dna)↵{ dna = _dna; }↵↵}"
                      width="100%"
                    />
                  }
                  title="xyz.sol"
                >
                  <span
                    className="pt-icon-standard pt-icon-cross pt-align-right smd-pad-8"
                    onClick={[Function]}
                  />
                </Blueprint.Tab2>
              </Blueprint.Tabs2>,
              "className": "col-md-12",
            },
            "ref": null,
            "rendered": Object {
              "instance": null,
              "key": undefined,
              "nodeType": "class",
              "props": Object {
                "animate": true,
                "children": Array [
                  <Blueprint.Tab2
                    disabled={false}
                    id={0}
                    panel={
                      <MonacoEditor
                        className="col-md-4 text-center"
                        defaultValue=""
                        editorDidMount={[Function]}
                        editorWillMount={[Function]}
                        height={480}
                        language="sol"
                        onChange={[Function]}
                        options={
                          Object {
                            "automaticLayout": true,
                            "theme": "vs-dark",
                          }
                        }
                        requireConfig={
                          Object {
                            "paths": Object {
                              "vs": "vs",
                            },
                            "url": "https://cdnjs.cloudflare.com/ajax/libs/require.js/2.3.1/require.min.js",
                          }
                        }
                        theme={null}
                        value="contract Cloner {↵Sheep[] public clones;↵string public sheepDNA = \\"ccc\\";↵↵function cloneSheep(string name) returns (address)↵{ Sheep sheep = new Sheep(name, sheepDNA); clones.push(sheep); return sheep }↵↵}↵↵contract Sheep {↵string public name;↵string public dna;↵↵function Sheep(string _name, string _dna)↵{ name = _name; dna = _dna; }↵↵function geneticallyModify(string _dna)↵{ dna = _dna; }↵↵}"
                        width="100%"
                      />
                    }
                    title="abc.sol"
                  >
                    <span
                      className="pt-icon-standard pt-icon-cross pt-align-right smd-pad-8"
                      onClick={[Function]}
                    />
                  </Blueprint.Tab2>,
                  <Blueprint.Tab2
                    disabled={false}
                    id={1}
                    panel={
                      <MonacoEditor
                        className="col-md-4 text-center"
                        defaultValue=""
                        editorDidMount={[Function]}
                        editorWillMount={[Function]}
                        height={480}
                        language="sol"
                        onChange={[Function]}
                        options={
                          Object {
                            "automaticLayout": true,
                            "theme": "vs-dark",
                          }
                        }
                        requireConfig={
                          Object {
                            "paths": Object {
                              "vs": "vs",
                            },
                            "url": "https://cdnjs.cloudflare.com/ajax/libs/require.js/2.3.1/require.min.js",
                          }
                        }
                        theme={null}
                        value="contract Cloner {↵Sheep[] public clones;↵string public sheepDNA = \\"ccc\\";↵↵function cloneSheep(string name) returns (address)↵{ Sheep sheep = new Sheep(name, sheepDNA); clones.push(sheep); return sheep }↵↵}↵↵contract Sheep {↵string public name;↵string public dna;↵↵function Sheep(string _name, string _dna)↵{ name = _name; dna = _dna; }↵↵function geneticallyModify(string _dna)↵{ dna = _dna; }↵↵}"
                        width="100%"
                      />
                    }
                    title="xyz.sol"
                  >
                    <span
                      className="pt-icon-standard pt-icon-cross pt-align-right smd-pad-8"
                      onClick={[Function]}
                    />
                  </Blueprint.Tab2>,
                ],
                "id": "editor-tab",
                "large": false,
                "onChange": [Function],
                "renderActiveTabPanelOnly": false,
                "selectedTabId": 0,
                "vertical": false,
              },
              "ref": null,
              "rendered": Array [
                Object {
                  "instance": null,
                  "key": "0",
                  "nodeType": "class",
                  "props": Object {
                    "children": <span
                      className="pt-icon-standard pt-icon-cross pt-align-right smd-pad-8"
                      onClick={[Function]}
                    />,
                    "disabled": false,
                    "id": 0,
                    "panel": <MonacoEditor
                      className="col-md-4 text-center"
                      defaultValue=""
                      editorDidMount={[Function]}
                      editorWillMount={[Function]}
                      height={480}
                      language="sol"
                      onChange={[Function]}
                      options={
                        Object {
                          "automaticLayout": true,
                          "theme": "vs-dark",
                        }
                      }
                      requireConfig={
                        Object {
                          "paths": Object {
                            "vs": "vs",
                          },
                          "url": "https://cdnjs.cloudflare.com/ajax/libs/require.js/2.3.1/require.min.js",
                        }
                      }
                      theme={null}
                      value="contract Cloner {↵Sheep[] public clones;↵string public sheepDNA = \\"ccc\\";↵↵function cloneSheep(string name) returns (address)↵{ Sheep sheep = new Sheep(name, sheepDNA); clones.push(sheep); return sheep }↵↵}↵↵contract Sheep {↵string public name;↵string public dna;↵↵function Sheep(string _name, string _dna)↵{ name = _name; dna = _dna; }↵↵function geneticallyModify(string _dna)↵{ dna = _dna; }↵↵}"
                      width="100%"
                    />,
                    "title": "abc.sol",
                  },
                  "ref": null,
                  "rendered": Object {
                    "instance": null,
                    "key": undefined,
                    "nodeType": "host",
                    "props": Object {
                      "className": "pt-icon-standard pt-icon-cross pt-align-right smd-pad-8",
                      "onClick": [Function],
                    },
                    "ref": null,
                    "rendered": null,
                    "type": "span",
                  },
                  "type": [Function],
                },
                Object {
                  "instance": null,
                  "key": "1",
                  "nodeType": "class",
                  "props": Object {
                    "children": <span
                      className="pt-icon-standard pt-icon-cross pt-align-right smd-pad-8"
                      onClick={[Function]}
                    />,
                    "disabled": false,
                    "id": 1,
                    "panel": <MonacoEditor
                      className="col-md-4 text-center"
                      defaultValue=""
                      editorDidMount={[Function]}
                      editorWillMount={[Function]}
                      height={480}
                      language="sol"
                      onChange={[Function]}
                      options={
                        Object {
                          "automaticLayout": true,
                          "theme": "vs-dark",
                        }
                      }
                      requireConfig={
                        Object {
                          "paths": Object {
                            "vs": "vs",
                          },
                          "url": "https://cdnjs.cloudflare.com/ajax/libs/require.js/2.3.1/require.min.js",
                        }
                      }
                      theme={null}
                      value="contract Cloner {↵Sheep[] public clones;↵string public sheepDNA = \\"ccc\\";↵↵function cloneSheep(string name) returns (address)↵{ Sheep sheep = new Sheep(name, sheepDNA); clones.push(sheep); return sheep }↵↵}↵↵contract Sheep {↵string public name;↵string public dna;↵↵function Sheep(string _name, string _dna)↵{ name = _name; dna = _dna; }↵↵function geneticallyModify(string _dna)↵{ dna = _dna; }↵↵}"
                      width="100%"
                    />,
                    "title": "xyz.sol",
                  },
                  "ref": null,
                  "rendered": Object {
                    "instance": null,
                    "key": undefined,
                    "nodeType": "host",
                    "props": Object {
                      "className": "pt-icon-standard pt-icon-cross pt-align-right smd-pad-8",
                      "onClick": [Function],
                    },
                    "ref": null,
                    "rendered": null,
                    "type": "span",
                  },
                  "type": [Function],
                },
              ],
              "type": [Function],
            },
            "type": "div",
          },
          "type": "div",
        },
        Object {
          "instance": null,
          "key": undefined,
          "nodeType": "host",
          "props": Object {
            "children": <div
              className="col-md-12"
            >
              <pre
                className="pt-text-muted"
                style={
                  Object {
                    "fontSize": "11px",
                    "height": "110px",
                  }
                }
              >
                 src:6:77: Error: Expected token Semicolon got 'RBrace'↵{ Sheep sheep = new Sheep(name, sheepDNA); clones.push(sheep); return sheep }↵                                                                            ^↵
              </pre>
            </div>,
            "className": "row",
          },
          "ref": null,
          "rendered": Object {
            "instance": null,
            "key": undefined,
            "nodeType": "host",
            "props": Object {
              "children": <pre
                className="pt-text-muted"
                style={
                  Object {
                    "fontSize": "11px",
                    "height": "110px",
                  }
                }
              >
                 src:6:77: Error: Expected token Semicolon got 'RBrace'↵{ Sheep sheep = new Sheep(name, sheepDNA); clones.push(sheep); return sheep }↵                                                                            ^↵
              </pre>,
              "className": "col-md-12",
            },
            "ref": null,
            "rendered": Object {
              "instance": null,
              "key": undefined,
              "nodeType": "host",
              "props": Object {
                "children": " src:6:77: Error: Expected token Semicolon got 'RBrace'↵{ Sheep sheep = new Sheep(name, sheepDNA); clones.push(sheep); return sheep }↵                                                                            ^↵",
                "className": "pt-text-muted",
                "style": Object {
                  "fontSize": "11px",
                  "height": "110px",
                },
              },
              "ref": null,
              "rendered": " src:6:77: Error: Expected token Semicolon got 'RBrace'↵{ Sheep sheep = new Sheep(name, sheepDNA); clones.push(sheep); return sheep }↵                                                                            ^↵",
              "type": "pre",
            },
            "type": "div",
          },
          "type": "div",
        },
      ],
      "type": "div",
    },
  ],
  Symbol(enzyme.__options__): Object {
    "adapter": ReactFifteenAdapter {
      "options": Object {
        "supportPrevContextArgumentOfComponentDidUpdate": true,
      },
    },
  },
}
`;
