// Jest Snapshot v1, https://goo.gl/fbAQLP

exports[`UploadFile: index mapStateToProps with values 1`] = `
Object {
  "isOpen": true,
  "result": Object {
    "contractAddress": "23fe0e0ab7bd95fbcdff877660c595d24c6dcf5c",
    "metadata": "widescreen is one of the most important factor",
    "uri": "https://strato-external-storage.s3.amazonaws.com/1529905060401-widescreen.jpeg",
  },
  "uploadError": "error",
}
`;

exports[`UploadFile: index mapStateToProps without values 1`] = `
Object {
  "isOpen": false,
  "result": null,
  "uploadError": null,
}
`;

exports[`UploadFile: index render component (Oauth mode) with values 1`] = `
"<Blueprint.Dialog isOpen={true} onClose={[Function: onClose]} iconName=\\"saved\\" title=\\"URI Upload Success\\" className=\\"pt-dark upload-dialog\\" canOutsideClickClose={true}>
  <UploadData result={{...}} closeModal={[Function: closeModal]} />
</Blueprint.Dialog>"
`;

exports[`UploadFile: index render component (Oauth mode) without values 1`] = `
"<Blueprint.Dialog isOpen={false} onClose={[Function: onClose]} iconName=\\"pt-icon-upload\\" title=\\"Upload & attest\\" className=\\"pt-dark upload-dialog\\" canOutsideClickClose={true}>
  <withRouter(Connect(ReduxForm)) />
</Blueprint.Dialog>"
`;

exports[`UploadFile: index render component (non Oauth mode) with values 1`] = `
"<Blueprint.Dialog isOpen={true} onClose={[Function: onClose]} iconName=\\"saved\\" title=\\"URI Upload Success\\" className=\\"pt-dark upload-dialog\\" canOutsideClickClose={true}>
  <UploadData result={{...}} closeModal={[Function: closeModal]} />
</Blueprint.Dialog>"
`;

exports[`UploadFile: index render component (non Oauth mode) without values 1`] = `
"<Blueprint.Dialog isOpen={false} onClose={[Function: onClose]} iconName=\\"pt-icon-upload\\" title=\\"Upload & attest\\" className=\\"pt-dark upload-dialog\\" canOutsideClickClose={true}>
  <withRouter(Connect(ReduxForm)) />
</Blueprint.Dialog>"
`;
