// Jest Snapshot v1, https://goo.gl/fbAQLP

exports[` 1`] = `
Object {
  "appMetadata": Object {
    "error": undefined,
    "health": undefined,
    "loading": undefined,
    "metadata": undefined,
    "nodeInfo": undefined,
  },
  "oauthUser": undefined,
  "userCertificate": undefined,
}
`;

exports[`App: index componentDidMount 1`] = `
"<div className=\\"App\\">
  <Connect(LoadingBar) style={{...}} />
  <withRouter(Connect(MenuBar)) isCollapsed={true} toggleCollapse={[Function]} />
  <SideBar isCollapsed={true} toggleCollapse={[Function]} />
  <main id=\\"outer-container\\">
    <Switch>
      <Route exact={true} path=\\"/\\" component={[undefined]}>
        <Redirect to=\\"/home\\" push={false} />
      </Route>
      <Route exact={true} path=\\"/home\\" component={[Function: C]} />
      <Route exact={true} path=\\"/accounts\\" component={[Function: C]} />
      <Route exact={true} path=\\"/external_storage\\" component={[Function: C]} />
      <Route exact={true} path=\\"/nodes\\" component={[Function: Nodes]} />
      <Route exact={true} path=\\"/blocks\\" component={[Function: Connect]} />
      <Route exact={true} path=\\"/blocks/:block\\" component={[Function: C]} />
      <Route exact={true} path=\\"/shards\\" component={[Function: C]} />
      <Route exact={true} path=\\"/transactions\\" component={[Function: Connect]} />
      <Route exact={true} path=\\"/transactions/:hash\\" component={[Function: C]} />
      <Route exact={true} path=\\"/contracts\\" component={[Function: C]} />
      <Route exact={true} path=\\"/contracts/:name/query\\" component={[Function: C]} />
      <Route exact={true} path=\\"/code_editor\\" component={[Function: C]} />
      <Route exact={true} path=\\"/searchresults\\" component={[Function: C]} />
    </Switch>
  </main>
</div>"
`;

exports[`App: index componentDidMount 2`] = `
"<div className=\\"App\\">
  <Connect(LoadingBar) style={{...}} />
  <withRouter(Connect(MenuBar)) isCollapsed={true} toggleCollapse={[Function]} />
  <SideBar isCollapsed={true} toggleCollapse={[Function]} />
  <main id=\\"outer-container\\">
    <Switch>
      <Route exact={true} path=\\"/\\" component={[undefined]}>
        <Redirect to=\\"/home\\" push={false} />
      </Route>
      <Route exact={true} path=\\"/home\\" component={[Function: C]} />
      <Route exact={true} path=\\"/accounts\\" component={[Function: C]} />
      <Route exact={true} path=\\"/external_storage\\" component={[Function: C]} />
      <Route exact={true} path=\\"/nodes\\" component={[Function: Nodes]} />
      <Route exact={true} path=\\"/blocks\\" component={[Function: Connect]} />
      <Route exact={true} path=\\"/blocks/:block\\" component={[Function: C]} />
      <Route exact={true} path=\\"/shards\\" component={[Function: C]} />
      <Route exact={true} path=\\"/transactions\\" component={[Function: Connect]} />
      <Route exact={true} path=\\"/transactions/:hash\\" component={[Function: C]} />
      <Route exact={true} path=\\"/contracts\\" component={[Function: C]} />
      <Route exact={true} path=\\"/contracts/:name/query\\" component={[Function: C]} />
      <Route exact={true} path=\\"/code_editor\\" component={[Function: C]} />
      <Route exact={true} path=\\"/searchresults\\" component={[Function: C]} />
    </Switch>
  </main>
</div>"
`;

exports[`App: index render component 1`] = `
"<div className=\\"App\\">
  <Connect(LoadingBar) style={{...}} />
  <withRouter(Connect(MenuBar)) isCollapsed={true} toggleCollapse={[Function]} />
  <SideBar isCollapsed={true} toggleCollapse={[Function]} />
  <main id=\\"outer-container\\">
    <Switch>
      <Route exact={true} path=\\"/\\" component={[undefined]}>
        <Redirect to=\\"/home\\" push={false} />
      </Route>
      <Route exact={true} path=\\"/home\\" component={[Function: C]} />
      <Route exact={true} path=\\"/accounts\\" component={[Function: C]} />
      <Route exact={true} path=\\"/external_storage\\" component={[Function: C]} />
      <Route exact={true} path=\\"/nodes\\" component={[Function: Nodes]} />
      <Route exact={true} path=\\"/blocks\\" component={[Function: Connect]} />
      <Route exact={true} path=\\"/blocks/:block\\" component={[Function: C]} />
      <Route exact={true} path=\\"/shards\\" component={[Function: C]} />
      <Route exact={true} path=\\"/transactions\\" component={[Function: Connect]} />
      <Route exact={true} path=\\"/transactions/:hash\\" component={[Function: C]} />
      <Route exact={true} path=\\"/contracts\\" component={[Function: C]} />
      <Route exact={true} path=\\"/contracts/:name/query\\" component={[Function: C]} />
      <Route exact={true} path=\\"/code_editor\\" component={[Function: C]} />
      <Route exact={true} path=\\"/searchresults\\" component={[Function: C]} />
    </Switch>
  </main>
</div>"
`;
