// Jest Snapshot v1, https://goo.gl/fbAQLP

exports[`MenuBar: index renders Oauth mode component with values 1`] = `
"<nav className=\\"pt-navbar pt-dark smd-menu-bar\\">
  <div id=\\"menu-burger\\" onClick={[undefined]} className=\\"burger-x\\">
    <span />
  </div>
  <div className=\\"pt-navbar-group pt-align-left col-sm-2 \\">
    <div>
      <Link to=\\"/home\\" replace={false}>
        <img src={{...}} alt=\\"Blockapps Logo\\" height=\\"45\\" className=\\"smd-menu-logo smd-pad-4\\" />
      </Link>
    </div>
  </div>
  <div className=\\"col-sm-5 smd-pad-4\\">
    <div className=\\"pt-input-group pt-dark pt-large\\" />
  </div>
  <div className=\\"pt-navbar-group pt-align-right\\">
    <div>
      <Blueprint.Dialog className=\\"pt-dark\\" iconName=\\"user\\" isOpen={false} onClose={[Function (anonymous)]} title=\\"My Profile\\" canOutsideClickClose={true}>
        <div className=\\"pt-dialog-body\\">
          <div>
            <h4>
              Your STRATO Mercata address: 
              <br />
              <HexText value=\\"0xundefined\\" shorten={false} />
            </h4>
          </div>
        </div>
        <div className=\\"pt-dialog-footer\\">
          <div className=\\"pt-dialog-footer-actions\\">
            <Blueprint.Button className=\\"pt-minimal\\" intent={3} onClick={[Function (anonymous)]} text=\\"Close\\" />
          </div>
        </div>
      </Blueprint.Dialog>
      <Blueprint.Popover content={{...}} position={7} arrowSize={30} className=\\"\\" defaultIsOpen={false} hoverCloseDelay={300} hoverOpenDelay={150} inheritDarkTheme={true} inline={false} interactionKind={0} isDisabled={false} isModal={false} openOnTargetFocus={true} popoverClassName=\\"\\" rootElementTag=\\"span\\" transitionDuration={300} useSmartArrowPositioning={true} useSmartPositioning={false}>
        <Blueprint.Button className=\\"pt-large pt-minimal pt-intent-warning\\" iconName=\\"user\\" text={[undefined]} />
      </Blueprint.Popover>
    </div>
    <Blueprint.Popover interactionKind={2} position={6} content={{...}} arrowSize={30} className=\\"\\" defaultIsOpen={false} hoverCloseDelay={300} hoverOpenDelay={150} inheritDarkTheme={true} inline={false} isDisabled={false} isModal={false} openOnTargetFocus={true} popoverClassName=\\"\\" rootElementTag=\\"span\\" transitionDuration={300} useSmartArrowPositioning={true} useSmartPositioning={false}>
      <Blueprint.Button className=\\"fa fa-solid fa-wifi pt-minimal pt-large pt-intent-danger\\" />
    </Blueprint.Popover>
    <Blueprint.Popover content={{...}} position={6} arrowSize={30} className=\\"\\" defaultIsOpen={false} hoverCloseDelay={300} hoverOpenDelay={150} inheritDarkTheme={true} inline={false} interactionKind={0} isDisabled={false} isModal={false} openOnTargetFocus={true} popoverClassName=\\"\\" rootElementTag=\\"span\\" transitionDuration={300} useSmartArrowPositioning={true} useSmartPositioning={false}>
      <Blueprint.Button className=\\"pt-minimal pt-large\\" iconName=\\"help\\" />
    </Blueprint.Popover>
  </div>
</nav>"
`;

exports[`MenuBar: index renders Oauth mode component without values 1`] = `
"<nav className=\\"pt-navbar pt-dark smd-menu-bar\\">
  <div id=\\"menu-burger\\" onClick={[undefined]} className=\\"burger-x\\">
    <span />
  </div>
  <div className=\\"pt-navbar-group pt-align-left col-sm-2 \\">
    <div>
      <Link to=\\"/home\\" replace={false}>
        <img src={{...}} alt=\\"Blockapps Logo\\" height=\\"45\\" className=\\"smd-menu-logo smd-pad-4\\" />
      </Link>
    </div>
  </div>
  <div className=\\"col-sm-5 smd-pad-4\\">
    <div className=\\"pt-input-group pt-dark pt-large\\" />
  </div>
  <div className=\\"pt-navbar-group pt-align-right\\">
    <div>
      <Blueprint.Dialog className=\\"pt-dark\\" iconName=\\"user\\" isOpen={false} onClose={[Function (anonymous)]} title=\\"My Profile\\" canOutsideClickClose={true}>
        <div className=\\"pt-dialog-body\\">
          <div>
            <h4>
              Your STRATO Mercata address: 
              <br />
              <HexText value=\\"0xundefined\\" shorten={false} />
            </h4>
          </div>
        </div>
        <div className=\\"pt-dialog-footer\\">
          <div className=\\"pt-dialog-footer-actions\\">
            <Blueprint.Button className=\\"pt-minimal\\" intent={3} onClick={[Function (anonymous)]} text=\\"Close\\" />
          </div>
        </div>
      </Blueprint.Dialog>
      <Blueprint.Popover content={{...}} position={7} arrowSize={30} className=\\"\\" defaultIsOpen={false} hoverCloseDelay={300} hoverOpenDelay={150} inheritDarkTheme={true} inline={false} interactionKind={0} isDisabled={false} isModal={false} openOnTargetFocus={true} popoverClassName=\\"\\" rootElementTag=\\"span\\" transitionDuration={300} useSmartArrowPositioning={true} useSmartPositioning={false}>
        <Blueprint.Button className=\\"pt-large pt-minimal pt-intent-warning\\" iconName=\\"user\\" text={[undefined]} />
      </Blueprint.Popover>
    </div>
    <Blueprint.Popover interactionKind={2} position={6} content={{...}} arrowSize={30} className=\\"\\" defaultIsOpen={false} hoverCloseDelay={300} hoverOpenDelay={150} inheritDarkTheme={true} inline={false} isDisabled={false} isModal={false} openOnTargetFocus={true} popoverClassName=\\"\\" rootElementTag=\\"span\\" transitionDuration={300} useSmartArrowPositioning={true} useSmartPositioning={false}>
      <Blueprint.Button className=\\"fa fa-solid fa-wifi pt-minimal pt-large pt-intent-danger\\" />
    </Blueprint.Popover>
    <Blueprint.Popover content={{...}} position={6} arrowSize={30} className=\\"\\" defaultIsOpen={false} hoverCloseDelay={300} hoverOpenDelay={150} inheritDarkTheme={true} inline={false} interactionKind={0} isDisabled={false} isModal={false} openOnTargetFocus={true} popoverClassName=\\"\\" rootElementTag=\\"span\\" transitionDuration={300} useSmartArrowPositioning={true} useSmartPositioning={false}>
      <Blueprint.Button className=\\"pt-minimal pt-large\\" iconName=\\"help\\" />
    </Blueprint.Popover>
  </div>
</nav>"
`;

exports[`MenuBar: index renders Oauth mode mapStateToProps 1`] = `
Object {
  "address": "",
  "appMetadata": undefined,
  "dashboard": undefined,
  "oauthUser": undefined,
  "searchQuery": undefined,
}
`;
