// Jest Snapshot v1, https://goo.gl/fbAQLP

exports[`Accounts: index mapStateToProps with default values 1`] = `Object {}`;

exports[`Accounts: index render (Non-Oauth) empty values 1`] = `
"<div className=\\"container-fluid pt-dark\\">
  <withRouter(Connect(Tour)) name=\\"accounts\\" steps={{...}} finalStepSelector=\\"#contracts\\" nextPage=\\"chains\\" />
  <withRouter(Connect(BlocAccounts)) />
</div>"
`;

exports[`Accounts: index render (Non-Oauth) mocked values 1`] = `
"<div className=\\"container-fluid pt-dark\\">
  <withRouter(Connect(Tour)) name=\\"accounts\\" steps={{...}} finalStepSelector=\\"#contracts\\" nextPage=\\"chains\\" />
  <withRouter(Connect(BlocAccounts)) />
</div>"
`;

exports[`Accounts: index render (Oauth enabled) empty values 1`] = `
"<div className=\\"container-fluid pt-dark\\">
  <withRouter(Connect(Tour)) name=\\"accounts\\" steps={{...}} finalStepSelector=\\"#contracts\\" nextPage=\\"chains\\" />
  <withRouter(Connect(BlocAccounts)) />
</div>"
`;

exports[`Accounts: index render (Oauth enabled) mocked values 1`] = `
"<div className=\\"container-fluid pt-dark\\">
  <withRouter(Connect(Tour)) name=\\"accounts\\" steps={{...}} finalStepSelector=\\"#contracts\\" nextPage=\\"chains\\" />
  <withRouter(Connect(BlocAccounts)) />
</div>"
`;
